// codigo completo


CREATE TABLE Carrito1 (
    Articulo VARCHAR(50) NOT NULL PRIMARY KEY 
);

INSERT INTO Carrito1 (Articulo) VALUES
('Azucar'),
('Pan'),
('jugo'),
('Refresco'),
('Harina');

CREATE TABLE Carrito2 (
    Articulo VARCHAR(50) NOT NULL PRIMARY KEY
);

INSERT INTO Carrito2 (Articulo) VALUES
('Azucar'),
('Pan'),
('Mantequilla'),
('Queso'),
('Manzana');



SELECT
C1.Articulo AS "Artículos del Carrito 1",
C2.Articulo AS "Artículos del Carrito 2"
FROM Carrito1 C1
LEFT JOIN Carrito2 C2 ON C1.Articulo = C2.Articulo

UNION

SELECT
C1.Articulo AS "Artículos del Carrito 1",
C2.Articulo AS "Artículos del Carrito 2"
FROM Carrito1 C1
RIGHT JOIN Carrito2 C2 ON C1.Articulo = C2.Articulo;




// codigo en la MySQL

Reading table information for completion of table and column names
You can turn off this feature to get a quicker startup with -A
Welcome to the MySQL monitor.  Commands end with ; or \g.
Your MySQL connection id is 24669646
Server version: 8.0.40 Source distribution
Copyright (c) 2000, 2022, Oracle and/or its affiliates.
Oracle is a registered trademark of Oracle Corporation and/or its
affiliates. Other names may be trademarks of their respective
owners.
Type 'help;' or '\h' for help. Type '\c' to clear the current input statement.
mysql> CREATE TABLE Carrito1 (
    ->     Articulo VARCHAR(50) NOT NULL PRIMARY KEY 
    -> );CREATE TABLE Carrito1 (
Query OK, 0 rows affected (0.02 sec)
    ->     Articulo VARCHAR(50) NOT NULL PRIMARY KEY 
    -> 
    -> INSERT INTO Carrito1 (Articulo) VALUES
    -> ('Azucar'),
    -> ('Pan'),
    -> ('Jugo'),
    -> ('Refresco'),
    -> ('Harina');
ERROR 1064 (42000): You have an error in your SQL syntax; check the manual that corresponds to your MySQL server version for the right syntax to use
 near 'INSERT INTO Carrito1 (Articulo) VALUES
('Azucar'),
('Pan'),
('Jugo'),
('Refresco' at line 4
mysql> INSERT INTO Carrito1 (Articulo) VALUES
    -> ('Azucar'),
    -> ('Pan'),
    -> ('jugo'),
    -> ('Refresco'),
    -> ('Harina');
Query OK, 5 rows affected (0.00 sec)
Records: 5  Duplicates: 0  Warnings: 0

mysql> CREATE TABLE Carrito2 (
    ->     Articulo VARCHAR(50) NOT NULL PRIMARY KEY
    -> );
Query OK, 0 rows affected (0.03 sec)

mysql> INSERT INTO Carrito2 (Articulo) VALUES
    -> ('Azucar'),
    -> ('Pan'),
    -> ('Mantequilla'),
    -> ('Queso'),
    -> ('Manzana');
Query OK, 5 rows affected (0.01 sec)
Records: 5  Duplicates: 0  Warnings: 0

mysql> SELECT
    -> C1.Articulo AS "Artículos del Carrito 1",
    -> C2.Articulo AS "Artículos del Carrito 2"
    -> FROM Carrito1 C1
    -> FULL OUTER JOIN Carrito2 C2
    -> ON C1.Articulo = C2.Articulo
    -> ORDER BY 1 NULLS LAST, 2 NULLS LAST;
ERROR 1064 (42000): You have an error in your SQL syntax; check the manual that corresponds to your MySQL server version for the right syntax to use near 'FULL OUTER JOIN Carrito2 C2
ON C1.Articulo = C2.Articulo
ORDER BY 1 NULLS LAST, ' at line 5
mysql> SELECT
    -> C1.Articulo AS "Artículos del Carrito 1",
    -> C2.Articulo AS "Artículos del Carrito 2"
    -> FROM Carrito1 C1
    -> LEFT JOIN Carrito2 C2 ON C1.Articulo = C2.Articulo
    -> 
    -> UNION
    -> 
    -> SELECT
    -> C1.Articulo AS "Artículos del Carrito 1",
    -> C2.Articulo AS "Artículos del Carrito 2"
    -> FROM Carrito1 C1
    -> RIGHT JOIN Carrito2 C2 ON C1.Articulo = C2.Articulo;
+--------------------------+--------------------------+
| Artículos del Carrito 1  | Artículos del Carrito 2  |
+--------------------------+--------------------------+
| Azucar                   | Azucar                   |
| Harina                   | NULL                     |
| jugo                     | NULL                     |
| Pan                      | Pan                      |
| Refresco                 | NULL                     |
| NULL                     | Mantequilla              |
| NULL                     | Manzana                  |
| NULL                     | Queso                    |
+--------------------------+--------------------------+
8 rows in set (0.00 sec)
mysql>
